qemu-system-arm -machine vexpress-a9 -cpu cortex-a9 -m 512M -kernel u-boot -sd sdcard.img -nographic > qemu_boot.log

---------------------------------------------

U-Boot 2016.11 (Jun 01 2019 - 17:59:44 -0600)

DRAM:  512 MiB
WARNING: Caches not enabled
Flash: 128 MiB
MMC:   MMC: 0
*** Warning - bad CRC, using default environment

In:    serial
Out:   serial
Err:   serial
Net:   smc911x-0
Hit any key to stop autoboot:  2  1  0 
MMC Device 1 not found
no mmc device at slot 1
switch to partitions #0, OK
mmc0 is current device
env - environment handling commands

Usage:
env default [-f] -a - [forcibly] reset default environment
env default [-f] var [...] - [forcibly] reset variable(s) to their default values
env delete [-f] var [...] - [forcibly] delete variable(s)
env export [-t | -b | -c] [-s size] addr [var ...] - export environment
env import [-d] [-t [-r] | -b | -c] addr [size] - import environment
env print [-a | name ...] - print environment
env run var [...] - run commands in an environment variable
env save - save environment
env set [-f] name [arg ...]

Scanning mmc 0:1...
smc911x: MAC 52:54:00:12:34:56
smc911x: detected LAN9118 controller
smc911x: phy initialized
smc911x: MAC 52:54:00:12:34:56
BOOTP broadcast 1
DHCP client bound to address 10.0.2.15 (1 ms)
*** Warning: no boot file name; using '0A00020F.img'
Using smc911x-0 device
TFTP from server 10.0.2.2; our IP address is 10.0.2.15
Filename '0A00020F.img'.
Load address: 0x80008000
Loading: *
TFTP error: 'Access violation' (2)
Not retrying...
smc911x: MAC 52:54:00:12:34:56
smc911x: MAC 52:54:00:12:34:56
missing environment variable: pxeuuid
missing environment variable: bootfile
Retrieving file: pxelinux.cfg/01-52-54-00-12-34-56
smc911x: MAC 52:54:00:12:34:56
smc911x: detected LAN9118 controller
smc911x: phy initialized
smc911x: MAC 52:54:00:12:34:56
Using smc911x-0 device
TFTP from server 10.0.2.2; our IP address is 10.0.2.15
Filename 'pxelinux.cfg/01-52-54-00-12-34-56'.
Load address: 0x88000000
Loading: *
TFTP error: 'Access violation' (2)
Not retrying...
smc911x: MAC 52:54:00:12:34:56
smc911x: MAC 52:54:00:12:34:56
missing environment variable: bootfile
Retrieving file: pxelinux.cfg/0A00020F
smc911x: MAC 52:54:00:12:34:56
smc911x: detected LAN9118 controller
smc911x: phy initialized
smc911x: MAC 52:54:00:12:34:56
Using smc911x-0 device
TFTP from server 10.0.2.2; our IP address is 10.0.2.15
Filename 'pxelinux.cfg/0A00020F'.
Load address: 0x88000000
Loading: *
TFTP error: 'Access violation' (2)
Not retrying...
smc911x: MAC 52:54:00:12:34:56
smc911x: MAC 52:54:00:12:34:56
missing environment variable: bootfile
Retrieving file: pxelinux.cfg/0A00020
smc911x: MAC 52:54:00:12:34:56
smc911x: detected LAN9118 controller
smc911x: phy initialized
smc911x: MAC 52:54:00:12:34:56
Using smc911x-0 device
TFTP from server 10.0.2.2; our IP address is 10.0.2.15
Filename 'pxelinux.cfg/0A00020'.
Load address: 0x88000000
Loading: *
TFTP error: 'Access violation' (2)
Not retrying...
smc911x: MAC 52:54:00:12:34:56
smc911x: MAC 52:54:00:12:34:56
missing environment variable: bootfile
Retrieving file: pxelinux.cfg/0A0002
smc911x: MAC 52:54:00:12:34:56
smc911x: detected LAN9118 controller
smc911x: phy initialized
smc911x: MAC 52:54:00:12:34:56
Using smc911x-0 device
TFTP from server 10.0.2.2; our IP address is 10.0.2.15
Filename 'pxelinux.cfg/0A0002'.
Load address: 0x88000000
Loading: *
TFTP error: 'Access violation' (2)
Not retrying...
smc911x: MAC 52:54:00:12:34:56
smc911x: MAC 52:54:00:12:34:56
missing environment variable: bootfile
Retrieving file: pxelinux.cfg/0A000
smc911x: MAC 52:54:00:12:34:56
smc911x: detected LAN9118 controller
smc911x: phy initialized
smc911x: MAC 52:54:00:12:34:56
Using smc911x-0 device
TFTP from server 10.0.2.2; our IP address is 10.0.2.15
Filename 'pxelinux.cfg/0A000'.
Load address: 0x88000000
Loading: *
TFTP error: 'Access violation' (2)
Not retrying...
smc911x: MAC 52:54:00:12:34:56
smc911x: MAC 52:54:00:12:34:56
missing environment variable: bootfile
Retrieving file: pxelinux.cfg/0A00
smc911x: MAC 52:54:00:12:34:56
smc911x: detected LAN9118 controller
smc911x: phy initialized
smc911x: MAC 52:54:00:12:34:56
Using smc911x-0 device
TFTP from server 10.0.2.2; our IP address is 10.0.2.15
Filename 'pxelinux.cfg/0A00'.
Load address: 0x88000000
Loading: *
TFTP error: 'Access violation' (2)
Not retrying...
smc911x: MAC 52:54:00:12:34:56
smc911x: MAC 52:54:00:12:34:56
missing environment variable: bootfile
Retrieving file: pxelinux.cfg/0A0
smc911x: MAC 52:54:00:12:34:56
smc911x: detected LAN9118 controller
smc911x: phy initialized
smc911x: MAC 52:54:00:12:34:56
Using smc911x-0 device
TFTP from server 10.0.2.2; our IP address is 10.0.2.15
Filename 'pxelinux.cfg/0A0'.
Load address: 0x88000000
Loading: *
TFTP error: 'Access violation' (2)
Not retrying...
smc911x: MAC 52:54:00:12:34:56
smc911x: MAC 52:54:00:12:34:56
missing environment variable: bootfile
Retrieving file: pxelinux.cfg/0A
smc911x: MAC 52:54:00:12:34:56
smc911x: detected LAN9118 controller
smc911x: phy initialized
smc911x: MAC 52:54:00:12:34:56
Using smc911x-0 device
TFTP from server 10.0.2.2; our IP address is 10.0.2.15
Filename 'pxelinux.cfg/0A'.
Load address: 0x88000000
Loading: *
TFTP error: 'Access violation' (2)
Not retrying...
smc911x: MAC 52:54:00:12:34:56
smc911x: MAC 52:54:00:12:34:56
missing environment variable: bootfile
Retrieving file: pxelinux.cfg/0
smc911x: MAC 52:54:00:12:34:56
smc911x: detected LAN9118 controller
smc911x: phy initialized
smc911x: MAC 52:54:00:12:34:56
Using smc911x-0 device
TFTP from server 10.0.2.2; our IP address is 10.0.2.15
Filename 'pxelinux.cfg/0'.
Load address: 0x88000000
Loading: *
TFTP error: 'Access violation' (2)
Not retrying...
smc911x: MAC 52:54:00:12:34:56
smc911x: MAC 52:54:00:12:34:56
missing environment variable: bootfile
Retrieving file: pxelinux.cfg/default-arm
smc911x: MAC 52:54:00:12:34:56
smc911x: detected LAN9118 controller
smc911x: phy initialized
smc911x: MAC 52:54:00:12:34:56
Using smc911x-0 device
TFTP from server 10.0.2.2; our IP address is 10.0.2.15
Filename 'pxelinux.cfg/default-arm'.
Load address: 0x88000000
Loading: *
TFTP error: 'Access violation' (2)
Not retrying...
smc911x: MAC 52:54:00:12:34:56
smc911x: MAC 52:54:00:12:34:56
missing environment variable: bootfile
Retrieving file: pxelinux.cfg/default
smc911x: MAC 52:54:00:12:34:56
smc911x: detected LAN9118 controller
smc911x: phy initialized
smc911x: MAC 52:54:00:12:34:56
Using smc911x-0 device
TFTP from server 10.0.2.2; our IP address is 10.0.2.15
Filename 'pxelinux.cfg/default'.
Load address: 0x88000000
Loading: *
TFTP error: 'Access violation' (2)
Not retrying...
smc911x: MAC 52:54:00:12:34:56
smc911x: MAC 52:54:00:12:34:56
Config file not found
smc911x: MAC 52:54:00:12:34:56
smc911x: detected LAN9118 controller
smc911x: phy initialized
smc911x: MAC 52:54:00:12:34:56
BOOTP broadcast 1
DHCP client bound to address 10.0.2.15 (1 ms)
Using smc911x-0 device
TFTP from server 10.0.2.2; our IP address is 10.0.2.15
Filename 'boot.scr.uimg'.
Load address: 0x88000000
Loading: *
TFTP error: 'Access violation' (2)
Not retrying...
smc911x: MAC 52:54:00:12:34:56
smc911x: MAC 52:54:00:12:34:56
smc911x: MAC 52:54:00:12:34:56
smc911x: detected LAN9118 controller
smc911x: phy initialized
smc911x: MAC 52:54:00:12:34:56
BOOTP broadcast 1
DHCP client bound to address 10.0.2.15 (0 ms)
Using smc911x-0 device
TFTP from server 10.0.2.2; our IP address is 10.0.2.15
Filename 'boot.scr.uimg'.
Load address: 0x80008000
Loading: *
TFTP error: 'Access violation' (2)
Not retrying...
smc911x: MAC 52:54:00:12:34:56
smc911x: MAC 52:54:00:12:34:56
Wrong Image Format for bootm command
ERROR: can't get kernel image!
=> fatload mmc 0 0x60000000 zImage

reading zImage
4402848 bytes read in 1388 ms (3 MiB/s)
=> fatload mmc 0 0x60500000 vexpress-v2p-ca9.dtb

reading vexpress-v2p-ca9.dtb
14087 bytes read in 14 ms (982.4 KiB/s)
=> setenv bootargs root=/dev/mmcblk0p2 rw console=${console} mem=512M vmalloc=256M

=> bootz 0x60000000 - 0x60500000

Kernel image @ 0x60000000 [ 0x000000 - 0x432ea0 ]
## Flattened Device Tree blob at 60500000
   Booting using the fdt blob at 0x60500000
   Loading Device Tree to 7fed3000, end 7fed9706 ... OK

Starting kernel ...

Booting Linux on physical CPU 0x0
Linux version 5.1.0 (maestria@maestria-VirtualBox) (gcc version 4.6.3 (crosstool-NG linaro-1.13.1-2012.03-20120326 - Linaro GCC 2012.03)) #1 SMP Sat Jun 1 17:02:13 CST 2019
CPU: ARMv7 Processor [410fc090] revision 0 (ARMv7), cr=10c5387d
CPU: PIPT / VIPT nonaliasing data cache, VIPT nonaliasing instruction cache
OF: fdt: Machine model: V2P-CA9
OF: fdt: Ignoring memory block 0x80000000 - 0x80000004
Memory policy: Data cache writeback
Reserved memory: created DMA memory pool at 0x4c000000, size 8 MiB
OF: reserved mem: initialized node vram@4c000000, compatible id shared-dma-pool
cma: Reserved 16 MiB at 0x7ec00000
CPU: All CPU(s) started in SVC mode.
random: get_random_bytes called from start_kernel+0x70/0x474 with crng_init=0
percpu: Embedded 17 pages/cpu s37248 r8192 d24192 u69632
Built 1 zonelists, mobility grouping on.  Total pages: 130048
Kernel command line: root=/dev/mmcblk0p2 rw console=ttyAMA0,38400n8 mem=512M vmalloc=256M
printk: log_buf_len individual max cpu contribution: 4096 bytes
printk: log_buf_len total cpu_extra contributions: 12288 bytes
printk: log_buf_len min size: 16384 bytes
printk: log_buf_len: 32768 bytes
printk: early log buf free: 14608(89%)
Dentry cache hash table entries: 65536 (order: 6, 262144 bytes)
Inode-cache hash table entries: 32768 (order: 5, 131072 bytes)
Memory: 493188K/524288K available (6144K kernel code, 429K rwdata, 1584K rodata, 1024K init, 158K bss, 14716K reserved, 16384K cma-reserved)
SLUB: HWalign=64, Order=0-3, MinObjects=0, CPUs=4, Nodes=1
rcu: Hierarchical RCU implementation.
rcu: 	RCU event tracing is enabled.
rcu: 	RCU restricting CPUs from NR_CPUS=8 to nr_cpu_ids=4.
rcu: RCU calculated value of scheduler-enlistment delay is 10 jiffies.
rcu: Adjusting geometry for rcu_fanout_leaf=16, nr_cpu_ids=4
NR_IRQS: 16, nr_irqs: 16, preallocated irqs: 16
GIC CPU mask not found - kernel will fail to boot.
GIC CPU mask not found - kernel will fail to boot.
L2C: platform modifies aux control register: 0x02020000 -> 0x02420000
L2C: DT/platform modifies aux control register: 0x02020000 -> 0x02420000
L2C-310 enabling early BRESP for Cortex-A9
L2C-310 full line of zeros enabled for Cortex-A9
L2C-310 dynamic clock gating disabled, standby mode disabled
L2C-310 cache controller enabled, 8 ways, 128 kB
L2C-310: CACHE_ID 0x410000c8, AUX_CTRL 0x46420001
sched_clock: 32 bits at 24MHz, resolution 41ns, wraps every 89478484971ns
clocksource: arm,sp804: mask: 0xffffffff max_cycles: 0xffffffff, max_idle_ns: 1911260446275 ns
Failed to initialize '/smb@4000000/motherboard/iofpga@7,00000000/timer@12000': -22
smp_twd: clock not found -2
Console: colour dummy device 80x30
Calibrating local timer... 93.29MHz.
Calibrating delay loop... 703.69 BogoMIPS (lpj=3518464)
pid_max: default: 32768 minimum: 301
Mount-cache hash table entries: 1024 (order: 0, 4096 bytes)
Mountpoint-cache hash table entries: 1024 (order: 0, 4096 bytes)
*** VALIDATE proc ***
*** VALIDATE cgroup1 ***
*** VALIDATE cgroup2 ***
CPU: Testing write buffer coherency: ok
CPU0: Spectre v2: using BPIALL workaround
CPU0: thread -1, cpu 0, socket 0, mpidr 80000000
Setting up static identity map for 0x60100000 - 0x60100060
rcu: Hierarchical SRCU implementation.
smp: Bringing up secondary CPUs ...
smp: Brought up 1 node, 1 CPU
SMP: Total of 1 processors activated (703.69 BogoMIPS).
CPU: All CPU(s) started in SVC mode.
devtmpfs: initialized
VFP support v0.3: implementor 41 architecture 3 part 30 variant 9 rev 0
clocksource: jiffies: mask: 0xffffffff max_cycles: 0xffffffff, max_idle_ns: 19112604462750000 ns
futex hash table entries: 1024 (order: 4, 65536 bytes)
NET: Registered protocol family 16
DMA: preallocated 256 KiB pool for atomic coherent allocations
cpuidle: using governor ladder
hw-breakpoint: debug architecture 0x4 unsupported.
Serial: AMBA PL011 UART driver
10009000.uart: ttyAMA0 at MMIO 0x10009000 (irq = 25, base_baud = 0) is a PL011 rev1
printk: console [ttyAMA0] enabled
1000a000.uart: ttyAMA1 at MMIO 0x1000a000 (irq = 26, base_baud = 0) is a PL011 rev1
1000b000.uart: ttyAMA2 at MMIO 0x1000b000 (irq = 27, base_baud = 0) is a PL011 rev1
1000c000.uart: ttyAMA3 at MMIO 0x1000c000 (irq = 28, base_baud = 0) is a PL011 rev1
OF: amba_device_add() failed (-19) for /smb@4000000/motherboard/iofpga@7,00000000/wdt@f000
OF: amba_device_add() failed (-19) for /memory-controller@100e0000
OF: amba_device_add() failed (-19) for /memory-controller@100e1000
OF: amba_device_add() failed (-19) for /watchdog@100e5000
SCSI subsystem initialized
usbcore: registered new interface driver usbfs
usbcore: registered new interface driver hub
usbcore: registered new device driver usb
Advanced Linux Sound Architecture Driver Initialized.
clocksource: Switched to clocksource arm,sp804
NET: Registered protocol family 2
tcp_listen_portaddr_hash hash table entries: 512 (order: 0, 6144 bytes)
TCP established hash table entries: 4096 (order: 2, 16384 bytes)
TCP bind hash table entries: 4096 (order: 3, 32768 bytes)
TCP: Hash tables configured (established 4096 bind 4096)
UDP hash table entries: 256 (order: 1, 8192 bytes)
UDP-Lite hash table entries: 256 (order: 1, 8192 bytes)
NET: Registered protocol family 1
RPC: Registered named UNIX socket transport module.
RPC: Registered udp transport module.
RPC: Registered tcp transport module.
RPC: Registered tcp NFSv4.1 backchannel transport module.
hw perfevents: enabled with armv7_cortex_a9 PMU driver, 1 counters available
workingset: timestamp_bits=30 max_order=17 bucket_order=0
squashfs: version 4.0 (2009/01/31) Phillip Lougher
jffs2: version 2.2. (NAND) Â© 2001-2006 Red Hat, Inc.
9p: Installing v9fs 9p2000 file system support
io scheduler mq-deadline registered
io scheduler kyber registered
drm-clcd-pl111 1001f000.clcd: assigned reserved memory node vram@4c000000
drm-clcd-pl111 1001f000.clcd: using device-specific reserved memory
drm-clcd-pl111 1001f000.clcd: initializing Versatile Express PL111
drm-clcd-pl111 1001f000.clcd: core tile graphics present
drm-clcd-pl111 1001f000.clcd: this device will be deactivated
Error: Driver 'vexpress-muxfpga' is already registered, aborting...
drm-clcd-pl111 10020000.clcd: initializing Versatile Express PL111
drm-clcd-pl111 10020000.clcd: DVI muxed to daughterboard 1 (core tile) CLCD
physmap-flash 40000000.flash: physmap platform flash device: [mem 0x40000000-0x43ffffff]
40000000.flash: Found 2 x16 devices at 0x0 in 32-bit bank. Manufacturer ID 0x000000 Chip ID 0x000000
Intel/Sharp Extended Query Table at 0x0031
Using buffer write method
physmap-flash 40000000.flash: physmap platform flash device: [mem 0x44000000-0x47ffffff]
40000000.flash: Found 2 x16 devices at 0x0 in 32-bit bank. Manufacturer ID 0x000000 Chip ID 0x000000
Intel/Sharp Extended Query Table at 0x0031
Using buffer write method
Concatenating MTD devices:
(0): "40000000.flash"
(1): "40000000.flash"
into device "40000000.flash"
physmap-flash 48000000.psram: physmap platform flash device: [mem 0x48000000-0x49ffffff]
libphy: Fixed MDIO Bus: probed
libphy: smsc911x-mdio: probed
smsc911x 4e000000.ethernet eth0: MAC Address: 52:54:00:12:34:56
isp1760 4f000000.usb: bus width: 32, oc: digital
isp1760 4f000000.usb: NXP ISP1760 USB Host Controller
isp1760 4f000000.usb: new USB bus registered, assigned bus number 1
isp1760 4f000000.usb: Scratch test failed.
isp1760 4f000000.usb: can't setup: -19
isp1760 4f000000.usb: USB bus 1 deregistered
usbcore: registered new interface driver usb-storage
rtc-pl031 10017000.rtc: registered as rtc0
mmci-pl18x 10005000.mmci: Got CD GPIO
mmci-pl18x 10005000.mmci: Got WP GPIO
mmci-pl18x 10005000.mmci: mmc0: PL181 manf 41 rev0 at 0x10005000 irq 21,22 (pio)
input: AT Raw Set 2 keyboard as /devices/platform/smb@4000000/smb@4000000:motherboard/smb@4000000:motherboard:iofpga@7,00000000/10006000.kmi/serio0/input/input0
ledtrig-cpu: registered to indicate activity on CPUs
usbcore: registered new interface driver usbhid
usbhid: USB HID core driver
mmc0: new SD card at address 4567
aaci-pl041 10004000.aaci: ARM AC'97 Interface PL041 rev0 at 0x10004000, irq 20
aaci-pl041 10004000.aaci: FIFO 512 entries
oprofile: using arm/armv7-ca9
NET: Registered protocol family 17
9pnet: Installing 9P2000 support
Registering SWP/SWPB emulation handler
mmcblk0: mmc0:4567 QEMU! 32.0 MiB 
 mmcblk0: p1 p2
Error: Driver 'vexpress-muxfpga' is already registered, aborting...
drm-clcd-pl111 10020000.clcd: initializing Versatile Express PL111
drm-clcd-pl111 10020000.clcd: DVI muxed to daughterboard 1 (core tile) CLCD
Error: Driver 'vexpress-muxfpga' is already registered, aborting...
drm-clcd-pl111 10020000.clcd: initializing Versatile Express PL111
drm-clcd-pl111 10020000.clcd: DVI muxed to daughterboard 1 (core tile) CLCD
rtc-pl031 10017000.rtc: setting system clock to 2019-06-23T18:42:52 UTC (1561315372)
ALSA device list:
  #0: ARM AC'97 Interface PL041 rev0 at 0x10004000, irq 20
input: ImExPS/2 Generic Explorer Mouse as /devices/platform/smb@4000000/smb@4000000:motherboard/smb@4000000:motherboard:iofpga@7,00000000/10007000.kmi/serio1/input/input2
Error: Driver 'vexpress-muxfpga' is already registered, aborting...
drm-clcd-pl111 10020000.clcd: initializing Versatile Express PL111
drm-clcd-pl111 10020000.clcd: DVI muxed to daughterboard 1 (core tile) CLCD
EXT4-fs (mmcblk0p2): mounting ext3 file system using the ext4 subsystem
random: fast init done
EXT4-fs (mmcblk0p2): recovery complete
EXT4-fs (mmcblk0p2): mounted filesystem with ordered data mode. Opts: (null)
VFS: Mounted root (ext3 filesystem) on device 179:2.
Freeing unused kernel memory: 1024K
Run /sbin/init as init process
random: crng init done

can't run '/etc/init.d/rcS': No such file or directory

Please press Enter to activate this console. 
/ # ls
[1;34mHome[m     [1;34mdev[m      [1;36mlinuxrc[m  [1;34mproc[m     [1;34msbin[m     [1;34mtmp[m      [1;34mvar[m
[1;34mbin[m      [1;34metc[m      [1;34mmnt[m      [1;34mroot[m     [1;34msys[m      [1;34musr[m
/ # QEMU 2.11.1 monitor - type 'help' for more information
(qemu) q[K
